# Self Verify
workspace: /Users/tanghui/work/transpilot
tmp: /var/folders/1r/6nql0p1x6hd1lr09hl03cxz00000gn/T/tmp.CWB47YKwdo
## init
FlashDB competition harness initialized at /var/folders/1r/6nql0p1x6hd1lr09hl03cxz00000gn/T/tmp.CWB47YKwdo/source_rust

Next:
  cd /var/folders/1r/6nql0p1x6hd1lr09hl03cxz00000gn/T/tmp.CWB47YKwdo/source_rust
  ./harness/analyze_flashdb.sh "/var/folders/1r/6nql0p1x6hd1lr09hl03cxz00000gn/T/tmp.CWB47YKwdo/source"
  ./harness/plan_next_task.sh task-001 "Translate first FlashDB slice" "/var/folders/1r/6nql0p1x6hd1lr09hl03cxz00000gn/T/tmp.CWB47YKwdo/source/src"
## generated files
## analyze
Wrote reports/source-inventory.md
## plan
Created plans/task-001.md
## build
# Build Check

## cargo fmt --check
WARN: rustfmt is not installed; skipping formatting check.

## cargo check --all-targets
    Updating `rsproxy-sparse` index
     Locking 41 packages to latest compatible versions
   Compiling libc v0.2.186
    Checking cfg-if v1.0.4
   Compiling proc-macro2 v1.0.106
   Compiling getrandom v0.3.4
   Compiling unicode-ident v1.0.24
   Compiling quote v1.0.46
   Compiling rustix v1.1.4
   Compiling zerocopy v0.8.52
   Compiling getrandom v0.4.3
   Compiling thiserror v2.0.18
    Checking bitflags v2.13.0
   Compiling autocfg v1.5.1
    Checking once_cell v1.21.4
    Checking fastrand v2.4.1
    Checking quick-error v1.2.3
    Checking fnv v1.0.7
    Checking bit-vec v0.8.0
    Checking regex-syntax v0.8.11
    Checking unarray v0.1.4
    Checking bit-set v0.8.0
   Compiling num-traits v0.2.19
    Checking ppv-lite86 v0.2.21
    Checking errno v0.3.14
    Checking wait-timeout v0.2.1
    Checking rand_core v0.9.5
    Checking rand_xorshift v0.4.0
    Checking rand v0.9.4
    Checking rand_chacha v0.9.0
    Checking tempfile v3.27.0
   Compiling syn v2.0.118
    Checking rusty-fork v0.3.1
    Checking proptest v1.11.0
   Compiling thiserror-impl v2.0.18
    Checking source_rust v0.1.0 (/private/var/folders/1r/6nql0p1x6hd1lr09hl03cxz00000gn/T/tmp.CWB47YKwdo/source_rust)
    Finished `dev` profile [unoptimized + debuginfo] target(s) in 7.13s
## test
# Test Report

   Compiling cfg-if v1.0.4
   Compiling bitflags v2.13.0
   Compiling once_cell v1.21.4
   Compiling fastrand v2.4.1
   Compiling quick-error v1.2.3
   Compiling libc v0.2.186
   Compiling bit-vec v0.8.0
   Compiling zerocopy v0.8.52
   Compiling fnv v1.0.7
   Compiling regex-syntax v0.8.11
   Compiling unarray v0.1.4
   Compiling num-traits v0.2.19
   Compiling thiserror v2.0.18
   Compiling source_rust v0.1.0 (/private/var/folders/1r/6nql0p1x6hd1lr09hl03cxz00000gn/T/tmp.CWB47YKwdo/source_rust)
   Compiling bit-set v0.8.0
   Compiling getrandom v0.3.4
   Compiling errno v0.3.14
   Compiling getrandom v0.4.3
   Compiling wait-timeout v0.2.1
   Compiling rustix v1.1.4
   Compiling rand_core v0.9.5
   Compiling rand_xorshift v0.4.0
   Compiling rand v0.9.4
   Compiling tempfile v3.27.0
   Compiling rusty-fork v0.3.1
   Compiling ppv-lite86 v0.2.21
   Compiling rand_chacha v0.9.0
   Compiling proptest v1.11.0
    Finished `test` profile [unoptimized + debuginfo] target(s) in 3.57s
     Running unittests src/lib.rs (target/debug/deps/source_rust-9bc6e2d51c1af249)

running 0 tests

test result: ok. 0 passed; 0 failed; 0 ignored; 0 measured; 0 filtered out; finished in 0.00s

     Running unittests src/main.rs (target/debug/deps/source_rust-8d771bc948de2287)

running 0 tests

test result: ok. 0 passed; 0 failed; 0 ignored; 0 measured; 0 filtered out; finished in 0.00s

     Running tests/harness_smoke.rs (target/debug/deps/harness_smoke-344b71d4475d6bb5)

running 1 test
test harness_starts_from_a_compiling_crate ... ok

test result: ok. 1 passed; 0 failed; 0 ignored; 0 measured; 0 filtered out; finished in 0.00s

## unsafe
unsafe ratio: 0.00% (threshold < 10.00%)
## final
# Build Check

## cargo fmt --check
WARN: rustfmt is not installed; skipping formatting check.

## cargo check --all-targets
    Finished `dev` profile [unoptimized + debuginfo] target(s) in 0.03s
# Test Report

    Finished `test` profile [unoptimized + debuginfo] target(s) in 0.02s
     Running unittests src/lib.rs (target/debug/deps/source_rust-9bc6e2d51c1af249)

running 0 tests

test result: ok. 0 passed; 0 failed; 0 ignored; 0 measured; 0 filtered out; finished in 0.00s

     Running unittests src/main.rs (target/debug/deps/source_rust-8d771bc948de2287)

running 0 tests

test result: ok. 0 passed; 0 failed; 0 ignored; 0 measured; 0 filtered out; finished in 0.00s

     Running tests/harness_smoke.rs (target/debug/deps/harness_smoke-344b71d4475d6bb5)

running 1 test
test harness_starts_from_a_compiling_crate ... ok

test result: ok. 1 passed; 0 failed; 0 ignored; 0 measured; 0 filtered out; finished in 0.00s

unsafe ratio: 0.00% (threshold < 10.00%)
Final verification passed. Wrote reports/final-report.md
SELF_VERIFY_PASS
