[c_link_test] cargo build --release
    Finished `release` profile [optimized] target(s) in 0.00s
[c_link_test] compile kvdb_main.c
[c_link_test] compile tsdb_main.c
In file included from tsdb_main.c:3:
./fdb_tsdb_tc.c:170:53: warning: format specifies type 'unsigned int' but the argument has type 'unsigned long' [-Wformat]
  169 |     printf("query_count from=%d to=%d => %u, expected=%u\n",
      |                                                       ~~
      |                                                       %lu
  170 |                (int)from, (int)to, (unsigned)count, TEST_TS_COUNT);
      |                                                     ^~~~~~~~~~~~~
./fdb_tsdb_tc.c:54:32: note: expanded from macro 'TEST_TS_COUNT'
   54 | #define TEST_TS_COUNT          ((_TSIL_PER_SECTOR_STR * 14) < TEST_TS_COUNT_BASE \
      |                                ^~~~~~~~~~~~~~~~~~~~~~~~~~~~~~~~~~~~~~~~~~~~~~~~~~~
   55 |                                 ? (_TSIL_PER_SECTOR_STR * 14) : TEST_TS_COUNT_BASE)
      |                                 ~~~~~~~~~~~~~~~~~~~~~~~~~~~~~~~~~~~~~~~~~~~~~~~~~~~
1 warning generated.
[c_link_test] link kvdb_test against libflashdb_rust.a
[c_link_test] link tsdb_test against libflashdb_rust.a
[c_link_test] run kvdb_test
=== FlashDB KVDB Test ===
  Running: test_fdb_kvdb_init ...
  Running: test_fdb_kvdb_init_check ...
  Running: test_fdb_create_kv_blob ...
  Running: test_fdb_change_kv_blob ...
  Running: test_fdb_del_kv_blob ...
  Running: test_fdb_create_kv ...
  Running: test_fdb_change_kv ...
  Running: test_fdb_del_kv ...
  Running: test_fdb_gc ...
  Running: test_fdb_gc2 ...
  Running: test_fdb_scale_up ...
  Running: test_fdb_kvdb_set_default ...
  Running: test_fdb_kvdb_deinit ...

=== KVDB Test: PASSED ===
[c_link_test] run tsdb_test
=== FlashDB TSDB Test ===
  Running: test_fdb_tsdb_init_ex ...
  Running: test_fdb_tsl_clean ...
  Running: test_fdb_tsl_append ...
  Running: test_fdb_tsl_iter ...
  Running: test_fdb_tsl_iter_by_time ...
  Running: test_fdb_tsl_query_count ...
query_count from=0 to=512 => 256, expected=256
  Running: test_fdb_tsl_set_status ...
  Running: test_fdb_tsl_clean ...
  Running: test_fdb_tsl_iter_by_time_1 ...
  Running: test_fdb_tsdb_deinit ...
  Running: test_fdb_github_issue_249 ...

=== TSDB Test: PASSED ===
[c_link_test] PASS
